// 重构日志: 7cad3f1c
// 重构日志: 63f8546b
// 重构日志: 944e3780
// 重构日志: d4c51dfd
// 同步 ID: b477ed3e @ Sun Jul 12 11:58:21 UTC 2026
// 重构日志: ba784914
// 重构日志: 9a2ad325
// 重构日志: a9ef370b
// 同步 ID: 29595381 @ Sat Jul 18 19:24:14 UTC 2026
// 重构日志: 98119263
// 重构日志: e9061e3b
// 重构日志: 486f644c
// 重构日志: f9cc0156
// 重构日志: 40b16dc3
// 同步 ID: d9c628bc @ Tue Jul 28 08:15:15 UTC 2026
// 重构日志: 8f8db542
// 同步 ID: 5f2938bf @ Sun Aug  2 09:45:42 UTC 2026
// 同步 ID: 0fefd0d1 @ Tue Aug  4 08:43:28 UTC 2026
// 同步 ID: 88fc4a81 @ Wed Aug  5 10:15:40 UTC 2026
// 重构日志: 319f3cc7
// 重构日志: cc326225
// 重构日志: d5e44f7f
// 重构日志: 9d342870
